---
source: serde_fast_flatten_derive/tests/derive.rs
expression: s
extension: bitcode
snapshot_kind: binary
---
