---
source: src/test.rs
expression: s
extension: bincode
snapshot_kind: binary
---
