---
source: src/test.rs
expression: s
extension: cbor
snapshot_kind: binary
---
