---
source: src/test.rs
expression: s
extension: bitcode
snapshot_kind: binary
---
